// Jest Snapshot v1, https://goo.gl/fbAQLP

exports[`renders correctly 1`] = `
<Text
  accessible={true}
  allowFontScaling={true}
  ellipsizeMode="tail"
  style={
    Array [
      Object {
        "color": "#333333",
        "fontFamily": "Nexa",
        "fontSize": 14,
      },
    ]
  }
>
  hi
</Text>
`;
