// Jest Snapshot v1, https://goo.gl/fbAQLP

exports[`renders correctly 1`] = `
<View
  style={
    Object {
      "alignItems": "center",
      "backgroundColor": "rebeccapurple",
      "flex": 1,
      "justifyContent": "center",
    }
  }
>
  <Text
    accessible={true}
    allowFontScaling={true}
    ellipsizeMode="tail"
    style={
      Object {
        "color": "white",
        "fontSize": 30,
      }
    }
  >
    OrderConfirmationScreen
  </Text>
  <Text
    accessible={true}
    allowFontScaling={true}
    ellipsizeMode="tail"
    style={
      Object {
        "color": "white",
        "fontSize": 12,
      }
    }
  >
    src/ui/screens/order-confirmation-screen/order-confirmation-screen.js
  </Text>
</View>
`;
