// Jest Snapshot v1, https://goo.gl/fbAQLP

exports[`renders correctly 1`] = `
<View
  style={
    Object {
      "backgroundColor": undefined,
      "flex": 1,
      "justifyContent": "flex-start",
      "padding": 16,
    }
  }
>
  <Text
    accessible={true}
    allowFontScaling={true}
    ellipsizeMode="tail"
    style={
      Array [
        Object {
          "color": "#333333",
          "fontFamily": "Nexa",
          "fontSize": 14,
        },
      ]
    }
  >
    Not Logged In
  </Text>
  <View
    style={
      Object {
        "alignItems": "center",
        "justifyContent": "center",
        "margin": 10,
      }
    }
  >
    <View
      accessibilityComponentType={undefined}
      accessibilityLabel={undefined}
      accessibilityTraits={undefined}
      accessible={true}
      hitSlop={undefined}
      isTVSelectable={true}
      onLayout={undefined}
      onResponderGrant={[Function]}
      onResponderMove={[Function]}
      onResponderRelease={[Function]}
      onResponderTerminate={[Function]}
      onResponderTerminationRequest={[Function]}
      onStartShouldSetResponder={[Function]}
      style={
        Object {
          "alignItems": "center",
          "borderColor": "white",
          "borderRadius": 4,
          "borderWidth": 1,
          "justifyContent": "center",
          "margin": 4,
          "minHeight": 44,
          "minWidth": 44,
          "opacity": 1,
          "paddingHorizontal": 10,
          "paddingVertical": 4,
        }
      }
      testID={undefined}
      tvParallaxProperties={undefined}
    >
      <Text
        accessible={true}
        allowFontScaling={true}
        ellipsizeMode="tail"
        style={
          Array [
            Object {
              "color": "#333333",
              "fontFamily": "Nexa",
              "fontSize": 14,
            },
          ]
        }
      >
        Proceed To Checkout
      </Text>
    </View>
    <View
      accessibilityComponentType={undefined}
      accessibilityLabel={undefined}
      accessibilityTraits={undefined}
      accessible={true}
      hitSlop={undefined}
      isTVSelectable={true}
      onLayout={undefined}
      onResponderGrant={[Function]}
      onResponderMove={[Function]}
      onResponderRelease={[Function]}
      onResponderTerminate={[Function]}
      onResponderTerminationRequest={[Function]}
      onStartShouldSetResponder={[Function]}
      style={
        Object {
          "alignItems": "center",
          "borderColor": "white",
          "borderRadius": 4,
          "borderWidth": 1,
          "justifyContent": "center",
          "margin": 4,
          "minHeight": 44,
          "minWidth": 44,
          "opacity": 1,
          "paddingHorizontal": 10,
          "paddingVertical": 4,
        }
      }
      testID={undefined}
      tvParallaxProperties={undefined}
    >
      <Text
        accessible={true}
        allowFontScaling={true}
        ellipsizeMode="tail"
        style={
          Array [
            Object {
              "color": "#333333",
              "fontFamily": "Nexa",
              "fontSize": 14,
            },
          ]
        }
      >
        Referrals
      </Text>
    </View>
  </View>
</View>
`;
