// Jest Snapshot v1, https://goo.gl/fbAQLP

exports[`renders correctly 1`] = `
<View
  style={
    Object {
      "alignItems": "center",
      "justifyContent": "center",
      "margin": 10,
    }
  }
/>
`;
